Archive member included to satisfy reference by file (symbol)

/opt/devkitpro/devkitARM/arm-none-eabi/lib/be/libg.a(lib_a-memcpy-stub.o)
                              wupserver.o (memcpy)
/opt/devkitpro/devkitARM/arm-none-eabi/lib/be/libg.a(lib_a-memset.o)
                              wupserver.o (memset)
/opt/devkitpro/devkitARM/arm-none-eabi/lib/be/libg.a(lib_a-snprintf.o)
                              wupserver.o (snprintf)
/opt/devkitpro/devkitARM/arm-none-eabi/lib/be/libg.a(lib_a-svfprintf.o)
                              /opt/devkitpro/devkitARM/arm-none-eabi/lib/be/libg.a(lib_a-snprintf.o) (_svfprintf_r)
/opt/devkitpro/devkitARM/arm-none-eabi/lib/be/libg.a(lib_a-vsnprintf.o)
                              text.o (vsnprintf)
/opt/devkitpro/devkitARM/arm-none-eabi/lib/be/libg.a(lib_a-wcrtomb.o)
                              /opt/devkitpro/devkitARM/arm-none-eabi/lib/be/libg.a(lib_a-svfprintf.o) (_wcrtomb_r)
/opt/devkitpro/devkitARM/arm-none-eabi/lib/be/libg.a(lib_a-wcsrtombs.o)
                              /opt/devkitpro/devkitARM/arm-none-eabi/lib/be/libg.a(lib_a-svfprintf.o) (_wcsrtombs_r)
/opt/devkitpro/devkitARM/arm-none-eabi/lib/be/libg.a(lib_a-dtoa.o)
                              /opt/devkitpro/devkitARM/arm-none-eabi/lib/be/libg.a(lib_a-svfprintf.o) (_dtoa_r)
/opt/devkitpro/devkitARM/arm-none-eabi/lib/be/libg.a(lib_a-freer.o)
                              /opt/devkitpro/devkitARM/arm-none-eabi/lib/be/libg.a(lib_a-svfprintf.o) (_free_r)
/opt/devkitpro/devkitARM/arm-none-eabi/lib/be/libg.a(lib_a-localeconv.o)
                              /opt/devkitpro/devkitARM/arm-none-eabi/lib/be/libg.a(lib_a-svfprintf.o) (_localeconv_r)
/opt/devkitpro/devkitARM/arm-none-eabi/lib/be/libg.a(lib_a-locale.o)
                              /opt/devkitpro/devkitARM/arm-none-eabi/lib/be/libg.a(lib_a-svfprintf.o) (__global_locale)
/opt/devkitpro/devkitARM/arm-none-eabi/lib/be/libg.a(lib_a-mallocr.o)
                              /opt/devkitpro/devkitARM/arm-none-eabi/lib/be/libg.a(lib_a-svfprintf.o) (_malloc_r)
/opt/devkitpro/devkitARM/arm-none-eabi/lib/be/libg.a(lib_a-mbtowc_r.o)
                              /opt/devkitpro/devkitARM/arm-none-eabi/lib/be/libg.a(lib_a-locale.o) (__ascii_mbtowc)
/opt/devkitpro/devkitARM/arm-none-eabi/lib/be/libg.a(lib_a-memchr-stub.o)
                              /opt/devkitpro/devkitARM/arm-none-eabi/lib/be/libg.a(lib_a-svfprintf.o) (memchr)
/opt/devkitpro/devkitARM/arm-none-eabi/lib/be/libg.a(lib_a-mlock.o)
                              /opt/devkitpro/devkitARM/arm-none-eabi/lib/be/libg.a(lib_a-freer.o) (__malloc_lock)
/opt/devkitpro/devkitARM/arm-none-eabi/lib/be/libg.a(lib_a-mprec.o)
                              /opt/devkitpro/devkitARM/arm-none-eabi/lib/be/libg.a(lib_a-dtoa.o) (_Balloc)
/opt/devkitpro/devkitARM/arm-none-eabi/lib/be/libg.a(lib_a-s_frexp.o)
                              /opt/devkitpro/devkitARM/arm-none-eabi/lib/be/libg.a(lib_a-svfprintf.o) (frexp)
/opt/devkitpro/devkitARM/arm-none-eabi/lib/be/libg.a(lib_a-strcasecmp.o)
                              /opt/devkitpro/devkitARM/arm-none-eabi/lib/be/libg.a(lib_a-locale.o) (strcasecmp)
/opt/devkitpro/devkitARM/arm-none-eabi/lib/be/libg.a(lib_a-strcat.o)
                              /opt/devkitpro/devkitARM/arm-none-eabi/lib/be/libg.a(lib_a-locale.o) (strcat)
/opt/devkitpro/devkitARM/arm-none-eabi/lib/be/libg.a(lib_a-strchr.o)
                              /opt/devkitpro/devkitARM/arm-none-eabi/lib/be/libg.a(lib_a-locale.o) (strchr)
/opt/devkitpro/devkitARM/arm-none-eabi/lib/be/libg.a(lib_a-strcmp.o)
                              /opt/devkitpro/devkitARM/arm-none-eabi/lib/be/libg.a(lib_a-locale.o) (strcmp)
/opt/devkitpro/devkitARM/arm-none-eabi/lib/be/libg.a(lib_a-strcpy.o)
                              /opt/devkitpro/devkitARM/arm-none-eabi/lib/be/libg.a(lib_a-locale.o) (strcpy)
/opt/devkitpro/devkitARM/arm-none-eabi/lib/be/libg.a(lib_a-strlcpy.o)
                              /opt/devkitpro/devkitARM/arm-none-eabi/lib/be/libg.a(lib_a-locale.o) (strlcpy)
/opt/devkitpro/devkitARM/arm-none-eabi/lib/be/libg.a(lib_a-strlen-stub.o)
                              /opt/devkitpro/devkitARM/arm-none-eabi/lib/be/libg.a(lib_a-svfprintf.o) (strlen)
/opt/devkitpro/devkitARM/arm-none-eabi/lib/be/libg.a(lib_a-strncasecmp.o)
                              /opt/devkitpro/devkitARM/arm-none-eabi/lib/be/libg.a(lib_a-locale.o) (strncasecmp)
/opt/devkitpro/devkitARM/arm-none-eabi/lib/be/libg.a(lib_a-strncpy.o)
                              /opt/devkitpro/devkitARM/arm-none-eabi/lib/be/libg.a(lib_a-svfprintf.o) (strncpy)
/opt/devkitpro/devkitARM/arm-none-eabi/lib/be/libg.a(lib_a-strtol.o)
                              /opt/devkitpro/devkitARM/arm-none-eabi/lib/be/libg.a(lib_a-locale.o) (strtol)
/opt/devkitpro/devkitARM/arm-none-eabi/lib/be/libg.a(lib_a-svfiprintf.o)
                              /opt/devkitpro/devkitARM/arm-none-eabi/lib/be/libg.a(lib_a-svfprintf.o) (__chclass)
[...]
Memory Configuration

Name             Origin             Length             Attributes
*default*        0x0000000000000000 0xffffffffffffffff

Linker script and memory map

                0x0000000000000200                PROVIDE (__start__ = 0x200)
                0x0000000000000200                . = __start__

.text           0x0000000000000200    0x13938
 *(.start)
 .start         0x0000000000000200       0x9c crt0.o
                0x0000000000000200                kern_entry
                0x0000000000000200                _start
                0x0000000000000204                mcp_entry
                0x0000000000000210                next_plugin
 *(.text.unlikely .text.*_unlikely .text.unlikely.*)
 *(.text.exit .text.exit.*)
 *(.text.startup .text.startup.*)
 *(.text.hot .text.hot.*)
 *(.text .stub .text.* .gnu.linkonce.t.*)
 .text.kern_main
                0x000000000000029c       0x58 main.o
                0x000000000000029c                kern_main
 .text.mcp_main
                0x00000000000002f4       0x8c main.o
                0x00000000000002f4                mcp_main
 .text.clearScreen
                0x0000000000000380       0x20 text.o
                0x0000000000000380                clearScreen
 .text.drawCharacter
                0x00000000000003a0       0x7c text.o
                0x00000000000003a0                drawCharacter
 .text.drawString.part.0
                0x000000000000041c       0x5c text.o
 .text.drawString
                0x0000000000000478        0xc text.o
                0x0000000000000478                drawString
 .text.print_log
                0x0000000000000484       0x7c text.o
                0x0000000000000484                print_log
 .text.print    0x0000000000000500       0x6c text.o
                0x0000000000000500                print
 .text.fsa_copydir
                0x000000000000056c      0x490 wupserver.o
                0x000000000000056c                fsa_copydir
 .text.serverCommandHandler
                0x00000000000009fc      0x1cc wupserver.o
                0x00000000000009fc                serverCommandHandler
 .text.serverClientHandler
                0x0000000000000bc8       0xa8 wupserver.o
                0x0000000000000bc8                serverClientHandler
 .text.serverListenClients
                0x0000000000000c70       0x9c wupserver.o
                0x0000000000000c70                serverListenClients
 .text.mount_sd
                0x0000000000000d0c       0xdc wupserver.o
                0x0000000000000d0c                mount_sd
 .text.mount_mlc
                0x0000000000000de8       0xc4 wupserver.o
                0x0000000000000de8                mount_mlc
 .text.wait_storages_ready
                0x0000000000000eac      0x160 wupserver.o
                0x0000000000000eac                wait_storages_ready
 .text.wupserver_main
                0x000000000000100c      0x160 wupserver.o
                0x000000000000100c                wupserver_main
 .text          0x000000000000116c        0x4 crt0.o
 .text.memcpy   0x0000000000001170      0x114 /opt/devkitpro/devkitARM/arm-none-eabi/lib/be/libg.a(lib_a-memcpy-stub.o)
                0x0000000000001170                memcpy
 .text.memset   0x0000000000001284       0xfc /opt/devkitpro/devkitARM/arm-none-eabi/lib/be/libg.a(lib_a-memset.o)
                0x0000000000001284                memset
 .text._snprintf_r
                0x0000000000001380       0xc0 /opt/devkitpro/devkitARM/arm-none-eabi/lib/be/libg.a(lib_a-snprintf.o)
                0x0000000000001380                _snprintf_r
 .text.snprintf
                0x0000000000001440       0xcc /opt/devkitpro/devkitARM/arm-none-eabi/lib/be/libg.a(lib_a-snprintf.o)
                0x0000000000001440                snprintf
 .text.get_arg  0x000000000000150c      0x674 /opt/devkitpro/devkitARM/arm-none-eabi/lib/be/libg.a(lib_a-svfprintf.o)
 .text._svfprintf_r
                0x0000000000001b80     0x35a4 /opt/devkitpro/devkitARM/arm-none-eabi/lib/be/libg.a(lib_a-svfprintf.o)
                0x0000000000001b80                _svfprintf_r
 .text._vsnprintf_r
                0x0000000000005124       0xac /opt/devkitpro/devkitARM/arm-none-eabi/lib/be/libg.a(lib_a-vsnprintf.o)
                0x0000000000005124                _vsnprintf_r
 .text.vsnprintf
                0x00000000000051d0       0x3c /opt/devkitpro/devkitARM/arm-none-eabi/lib/be/libg.a(lib_a-vsnprintf.o)
                0x00000000000051d0                vsnprintf
 .text._wcrtomb_r
                0x000000000000520c       0x5c /opt/devkitpro/devkitARM/arm-none-eabi/lib/be/libg.a(lib_a-wcrtomb.o)
                0x000000000000520c                _wcrtomb_r
 .text.wcrtomb  0x0000000000005268       0x78 /opt/devkitpro/devkitARM/arm-none-eabi/lib/be/libg.a(lib_a-wcrtomb.o)
                0x0000000000005268                wcrtomb
 .text._wcsrtombs_r
                0x00000000000052e0       0x2c /opt/devkitpro/devkitARM/arm-none-eabi/lib/be/libg.a(lib_a-wcsrtombs.o)
                0x00000000000052e0                _wcsrtombs_r
 .text.wcsrtombs
                0x000000000000530c       0x40 /opt/devkitpro/devkitARM/arm-none-eabi/lib/be/libg.a(lib_a-wcsrtombs.o)
                0x000000000000530c                wcsrtombs
 .text.quorem   0x000000000000534c      0x1d0 /opt/devkitpro/devkitARM/arm-none-eabi/lib/be/libg.a(lib_a-dtoa.o)
 *fill*         0x000000000000551c        0x4 
 .text._dtoa_r  0x0000000000005520     0x1684 /opt/devkitpro/devkitARM/arm-none-eabi/lib/be/libg.a(lib_a-dtoa.o)
                0x0000000000005520                _dtoa_r
 .text._malloc_trim_r
                0x0000000000006ba4      0x100 /opt/devkitpro/devkitARM/arm-none-eabi/lib/be/libg.a(lib_a-freer.o)
                0x0000000000006ba4                _malloc_trim_r
 .text._free_r  0x0000000000006ca4      0x2e8 /opt/devkitpro/devkitARM/arm-none-eabi/lib/be/libg.a(lib_a-freer.o)
                0x0000000000006ca4                _free_r
 .text.__localeconv_l
                0x0000000000006f8c        0x8 /opt/devkitpro/devkitARM/arm-none-eabi/lib/be/libg.a(lib_a-localeconv.o)
                0x0000000000006f8c                __localeconv_l
 .text._localeconv_r
                0x0000000000006f94        0xc /opt/devkitpro/devkitARM/arm-none-eabi/lib/be/libg.a(lib_a-localeconv.o)
                0x0000000000006f94                _localeconv_r
 .text.localeconv
                0x0000000000006fa0        0xc /opt/devkitpro/devkitARM/arm-none-eabi/lib/be/libg.a(lib_a-localeconv.o)
                0x0000000000006fa0                localeconv
 .text.currentlocale
                0x0000000000006fac       0x90 /opt/devkitpro/devkitARM/arm-none-eabi/lib/be/libg.a(lib_a-locale.o)
 .text.__loadlocale
                0x000000000000703c      0x840 /opt/devkitpro/devkitARM/arm-none-eabi/lib/be/libg.a(lib_a-locale.o)
                0x000000000000703c                __loadlocale
 .text.__get_locale_env
                0x000000000000787c       0x94 /opt/devkitpro/devkitARM/arm-none-eabi/lib/be/libg.a(lib_a-locale.o)
                0x000000000000787c                __get_locale_env
 .text._setlocale_r
                0x0000000000007910      0x334 /opt/devkitpro/devkitARM/arm-none-eabi/lib/be/libg.a(lib_a-locale.o)
                0x0000000000007910                _setlocale_r
 .text.__locale_mb_cur_max
                0x0000000000007c44       0x10 /opt/devkitpro/devkitARM/arm-none-eabi/lib/be/libg.a(lib_a-locale.o)
                0x0000000000007c44                __locale_mb_cur_max
 .text.setlocale
                0x0000000000007c54       0x20 /opt/devkitpro/devkitARM/arm-none-eabi/lib/be/libg.a(lib_a-locale.o)
                0x0000000000007c54                setlocale
 .text._malloc_r
                0x0000000000007c74      0x7f0 /opt/devkitpro/devkitARM/arm-none-eabi/lib/be/libg.a(lib_a-mallocr.o)
                0x0000000000007c74                _malloc_r
 .text._mbtowc_r
                0x0000000000008464       0x1c /opt/devkitpro/devkitARM/arm-none-eabi/lib/be/libg.a(lib_a-mbtowc_r.o)
                0x0000000000008464                _mbtowc_r
 .text.__ascii_mbtowc
                0x0000000000008480       0x44 /opt/devkitpro/devkitARM/arm-none-eabi/lib/be/libg.a(lib_a-mbtowc_r.o)
                0x0000000000008480                __ascii_mbtowc
 .text.__utf8_mbtowc
                0x00000000000084c4      0x308 /opt/devkitpro/devkitARM/arm-none-eabi/lib/be/libg.a(lib_a-mbtowc_r.o)
                0x00000000000084c4                __utf8_mbtowc
 .text.__sjis_mbtowc
                0x00000000000087cc       0xd4 /opt/devkitpro/devkitARM/arm-none-eabi/lib/be/libg.a(lib_a-mbtowc_r.o)
                0x00000000000087cc                __sjis_mbtowc
 .text.__eucjp_mbtowc
                0x00000000000088a0      0x13c /opt/devkitpro/devkitARM/arm-none-eabi/lib/be/libg.a(lib_a-mbtowc_r.o)
                0x00000000000088a0                __eucjp_mbtowc
 .text.__jis_mbtowc
                0x00000000000089dc      0x260 /opt/devkitpro/devkitARM/arm-none-eabi/lib/be/libg.a(lib_a-mbtowc_r.o)
                0x00000000000089dc                __jis_mbtowc
 .text.memchr   0x0000000000008c3c       0xf4 /opt/devkitpro/devkitARM/arm-none-eabi/lib/be/libg.a(lib_a-memchr-stub.o)
                0x0000000000008c3c                memchr
 .text.__malloc_lock
                0x0000000000008d30       0x18 /opt/devkitpro/devkitARM/arm-none-eabi/lib/be/libg.a(lib_a-mlock.o)
                0x0000000000008d30                __malloc_lock
 .text.__malloc_unlock
                0x0000000000008d48       0x18 /opt/devkitpro/devkitARM/arm-none-eabi/lib/be/libg.a(lib_a-mlock.o)
                0x0000000000008d48                __malloc_unlock
 .text._Balloc  0x0000000000008d60       0x8c /opt/devkitpro/devkitARM/arm-none-eabi/lib/be/libg.a(lib_a-mprec.o)
                0x0000000000008d60                _Balloc
 .text._Bfree   0x0000000000008dec       0x1c /opt/devkitpro/devkitARM/arm-none-eabi/lib/be/libg.a(lib_a-mprec.o)
                0x0000000000008dec                _Bfree
 .text.__multadd
                0x0000000000008e08      0x100 /opt/devkitpro/devkitARM/arm-none-eabi/lib/be/libg.a(lib_a-mprec.o)
                0x0000000000008e08                __multadd
 .text.__s2b    0x0000000000008f08      0x114 /opt/devkitpro/devkitARM/arm-none-eabi/lib/be/libg.a(lib_a-mprec.o)
                0x0000000000008f08                __s2b
 .text.__hi0bits
                0x000000000000901c       0x60 /opt/devkitpro/devkitARM/arm-none-eabi/lib/be/libg.a(lib_a-mprec.o)
                0x000000000000901c                __hi0bits
 .text.__lo0bits
                0x000000000000907c       0xa0 /opt/devkitpro/devkitARM/arm-none-eabi/lib/be/libg.a(lib_a-mprec.o)
                0x000000000000907c                __lo0bits
 .text.__i2b    0x000000000000911c       0xa8 /opt/devkitpro/devkitARM/arm-none-eabi/lib/be/libg.a(lib_a-mprec.o)
                0x000000000000911c                __i2b
 .text.__multiply
                0x00000000000091c4      0x218 /opt/devkitpro/devkitARM/arm-none-eabi/lib/be/libg.a(lib_a-mprec.o)
                0x00000000000091c4                __multiply
 .text.__pow5mult
                0x00000000000093dc      0x128 /opt/devkitpro/devkitARM/arm-none-eabi/lib/be/libg.a(lib_a-mprec.o)
                0x00000000000093dc                __pow5mult
 .text.__lshift
                0x0000000000009504      0x144 /opt/devkitpro/devkitARM/arm-none-eabi/lib/be/libg.a(lib_a-mprec.o)
                0x0000000000009504                __lshift
 .text.__mcmp   0x0000000000009648       0x54 /opt/devkitpro/devkitARM/arm-none-eabi/lib/be/libg.a(lib_a-mprec.o)
                0x0000000000009648                __mcmp
 .text.__mdiff  0x000000000000969c      0x204 /opt/devkitpro/devkitARM/arm-none-eabi/lib/be/libg.a(lib_a-mprec.o)
                0x000000000000969c                __mdiff
 .text.__ulp    0x00000000000098a0       0x60 /opt/devkitpro/devkitARM/arm-none-eabi/lib/be/libg.a(lib_a-mprec.o)
                0x00000000000098a0                __ulp
 .text.__b2d    0x0000000000009900       0xf0 /opt/devkitpro/devkitARM/arm-none-eabi/lib/be/libg.a(lib_a-mprec.o)
                0x0000000000009900                __b2d
 .text.__d2b    0x00000000000099f0      0x128 /opt/devkitpro/devkitARM/arm-none-eabi/lib/be/libg.a(lib_a-mprec.o)
                0x00000000000099f0                __d2b
 .text.__ratio  0x0000000000009b18       0x8c /opt/devkitpro/devkitARM/arm-none-eabi/lib/be/libg.a(lib_a-mprec.o)
                0x0000000000009b18                __ratio
 .text._mprec_log10
                0x0000000000009ba4       0x5c /opt/devkitpro/devkitARM/arm-none-eabi/lib/be/libg.a(lib_a-mprec.o)
                0x0000000000009ba4                _mprec_log10
 .text.__copybits
                0x0000000000009c00       0x8c /opt/devkitpro/devkitARM/arm-none-eabi/lib/be/libg.a(lib_a-mprec.o)
                0x0000000000009c00                __copybits
 .text.__any_on
                0x0000000000009c8c       0x5c /opt/devkitpro/devkitARM/arm-none-eabi/lib/be/libg.a(lib_a-mprec.o)
                0x0000000000009c8c                __any_on
 .text.frexp    0x0000000000009ce8       0xa8 /opt/devkitpro/devkitARM/arm-none-eabi/lib/be/libg.a(lib_a-s_frexp.o)
                0x0000000000009ce8                frexp
 .text.strcasecmp
                0x0000000000009d90       0x70 /opt/devkitpro/devkitARM/arm-none-eabi/lib/be/libg.a(lib_a-strcasecmp.o)
                0x0000000000009d90                strcasecmp
 .text.strcat   0x0000000000009e00       0x74 /opt/devkitpro/devkitARM/arm-none-eabi/lib/be/libg.a(lib_a-strcat.o)
                0x0000000000009e00                strcat
 .text.strchr   0x0000000000009e74      0x13c /opt/devkitpro/devkitARM/arm-none-eabi/lib/be/libg.a(lib_a-strchr.o)
                0x0000000000009e74                strchr
 .text          0x0000000000009fb0      0x234 /opt/devkitpro/devkitARM/arm-none-eabi/lib/be/libg.a(lib_a-strcmp.o)
                0x0000000000009fb0                strcmp
 .text.strcpy   0x000000000000a1e4       0xf4 /opt/devkitpro/devkitARM/arm-none-eabi/lib/be/libg.a(lib_a-strcpy.o)
                0x000000000000a1e4                strcpy
 .text.strlcpy  0x000000000000a2d8       0x48 /opt/devkitpro/devkitARM/arm-none-eabi/lib/be/libg.a(lib_a-strlcpy.o)
                0x000000000000a2d8                strlcpy
 .text.strlen   0x000000000000a320       0x60 /opt/devkitpro/devkitARM/arm-none-eabi/lib/be/libg.a(lib_a-strlen-stub.o)
                0x000000000000a320                strlen
 .text.strncasecmp
                0x000000000000a380       0x8c /opt/devkitpro/devkitARM/arm-none-eabi/lib/be/libg.a(lib_a-strncasecmp.o)
                0x000000000000a380                strncasecmp
 .text.strncpy  0x000000000000a40c       0xd0 /opt/devkitpro/devkitARM/arm-none-eabi/lib/be/libg.a(lib_a-strncpy.o)
                0x000000000000a40c                strncpy
 .text._strtol_l.part.0
                0x000000000000a4dc      0x1a8 /opt/devkitpro/devkitARM/arm-none-eabi/lib/be/libg.a(lib_a-strtol.o)
 .text._strtol_r
                0x000000000000a684       0x3c /opt/devkitpro/devkitARM/arm-none-eabi/lib/be/libg.a(lib_a-strtol.o)
                0x000000000000a684                _strtol_r
 .text.strtol_l
                0x000000000000a6c0       0x5c /opt/devkitpro/devkitARM/arm-none-eabi/lib/be/libg.a(lib_a-strtol.o)
                0x000000000000a6c0                strtol_l
 .text.strtol   0x000000000000a71c       0x5c /opt/devkitpro/devkitARM/arm-none-eabi/lib/be/libg.a(lib_a-strtol.o)
                0x000000000000a71c                strtol
 .text.get_arg  0x000000000000a778      0x674 /opt/devkitpro/devkitARM/arm-none-eabi/lib/be/libg.a(lib_a-svfiprintf.o)
 .text.__ssprint_r
                0x000000000000adec      0x18c /opt/devkitpro/devkitARM/arm-none-eabi/lib/be/libg.a(lib_a-svfiprintf.o)
                0x000000000000adec                __ssprint_r
 .text._svfiprintf_r
                0x000000000000af78     0x2200 /opt/devkitpro/devkitARM/arm-none-eabi/lib/be/libg.a(lib_a-svfiprintf.o)
                0x000000000000af78                _svfiprintf_r
 .text._wcsnrtombs_l
                0x000000000000d178      0x198 /opt/devkitpro/devkitARM/arm-none-eabi/lib/be/libg.a(lib_a-wcsnrtombs.o)
                0x000000000000d178                _wcsnrtombs_l
 .text._wcsnrtombs_r
                0x000000000000d310       0x50 /opt/devkitpro/devkitARM/arm-none-eabi/lib/be/libg.a(lib_a-wcsnrtombs.o)
                0x000000000000d310                _wcsnrtombs_r
 .text.wcsnrtombs
                0x000000000000d360       0x50 /opt/devkitpro/devkitARM/arm-none-eabi/lib/be/libg.a(lib_a-wcsnrtombs.o)
                0x000000000000d360                wcsnrtombs
 .text._wctomb_r
                0x000000000000d3b0       0x1c /opt/devkitpro/devkitARM/arm-none-eabi/lib/be/libg.a(lib_a-wctomb_r.o)
                0x000000000000d3b0                _wctomb_r
 .text.__ascii_wctomb
                0x000000000000d3cc       0x30 /opt/devkitpro/devkitARM/arm-none-eabi/lib/be/libg.a(lib_a-wctomb_r.o)
                0x000000000000d3cc                __ascii_wctomb
 .text.__utf8_wctomb
                0x000000000000d3fc       0xf4 /opt/devkitpro/devkitARM/arm-none-eabi/lib/be/libg.a(lib_a-wctomb_r.o)
                0x000000000000d3fc                __utf8_wctomb
 .text.__sjis_wctomb
                0x000000000000d4f0       0x90 /opt/devkitpro/devkitARM/arm-none-eabi/lib/be/libg.a(lib_a-wctomb_r.o)
                0x000000000000d4f0                __sjis_wctomb
 .text.__eucjp_wctomb
                0x000000000000d580       0xb8 /opt/devkitpro/devkitARM/arm-none-eabi/lib/be/libg.a(lib_a-wctomb_r.o)
                0x000000000000d580                __eucjp_wctomb
 .text.__jis_wctomb
                0x000000000000d638       0xd8 /opt/devkitpro/devkitARM/arm-none-eabi/lib/be/libg.a(lib_a-wctomb_r.o)
                0x000000000000d638                __jis_wctomb
 .text.__assert_func
                0x000000000000d710       0x5c /opt/devkitpro/devkitARM/arm-none-eabi/lib/be/libg.a(lib_a-assert.o)
                0x000000000000d710                __assert_func
 .text.__assert
                0x000000000000d76c       0x10 /opt/devkitpro/devkitARM/arm-none-eabi/lib/be/libg.a(lib_a-assert.o)
                0x000000000000d76c                __assert
 .text._calloc_r
                0x000000000000d77c       0xd0 /opt/devkitpro/devkitARM/arm-none-eabi/lib/be/libg.a(lib_a-callocr.o)
                0x000000000000d77c                _calloc_r
 .text.__set_ctype
                0x000000000000d84c       0x10 /opt/devkitpro/devkitARM/arm-none-eabi/lib/be/libg.a(lib_a-ctype_.o)
                0x000000000000d84c                __set_ctype
 .text.__errno  0x000000000000d85c       0x10 /opt/devkitpro/devkitARM/arm-none-eabi/lib/be/libg.a(lib_a-errno.o)
                0x000000000000d85c                __errno
 .text._fiprintf_r
                0x000000000000d86c       0x2c /opt/devkitpro/devkitARM/arm-none-eabi/lib/be/libg.a(lib_a-fiprintf.o)
                0x000000000000d86c                _fiprintf_r
 .text.fiprintf
                0x000000000000d898       0x3c /opt/devkitpro/devkitARM/arm-none-eabi/lib/be/libg.a(lib_a-fiprintf.o)
                0x000000000000d898                fiprintf
 .text._findenv_r
                0x000000000000d8d4       0xd0 /opt/devkitpro/devkitARM/arm-none-eabi/lib/be/libg.a(lib_a-getenv_r.o)
                0x000000000000d8d4                _findenv_r
 .text._getenv_r
                0x000000000000d9a4       0x1c /opt/devkitpro/devkitARM/arm-none-eabi/lib/be/libg.a(lib_a-getenv_r.o)
                0x000000000000d9a4                _getenv_r
 .text.memmove  0x000000000000d9c0      0x154 /opt/devkitpro/devkitARM/arm-none-eabi/lib/be/libg.a(lib_a-memmove.o)
                0x000000000000d9c0                memmove
 .text._realloc_r
                0x000000000000db14      0x4b8 /opt/devkitpro/devkitARM/arm-none-eabi/lib/be/libg.a(lib_a-reallocr.o)
                0x000000000000db14                _realloc_r
 .text.strncmp  0x000000000000dfcc       0xec /opt/devkitpro/devkitARM/arm-none-eabi/lib/be/libg.a(lib_a-strncmp.o)
                0x000000000000dfcc                strncmp
 .text.get_arg  0x000000000000e0b8      0x674 /opt/devkitpro/devkitARM/arm-none-eabi/lib/be/libg.a(lib_a-vfiprintf.o)
 .text.__sprint_r
                0x000000000000e72c       0x34 /opt/devkitpro/devkitARM/arm-none-eabi/lib/be/libg.a(lib_a-vfiprintf.o)
                0x000000000000e72c                __sprint_r
 .text._vfiprintf_r
                0x000000000000e760     0x22cc /opt/devkitpro/devkitARM/arm-none-eabi/lib/be/libg.a(lib_a-vfiprintf.o)
                0x000000000000e760                _vfiprintf_r
 .text.vfiprintf
                0x0000000000010a2c       0x28 /opt/devkitpro/devkitARM/arm-none-eabi/lib/be/libg.a(lib_a-vfiprintf.o)
                0x0000000000010a2c                vfiprintf
 .text.__sbprintf
                0x0000000000010a54       0xd4 /opt/devkitpro/devkitARM/arm-none-eabi/lib/be/libg.a(lib_a-vfiprintf.o)
 .text.__swsetup_r
                0x0000000000010b28      0x148 /opt/devkitpro/devkitARM/arm-none-eabi/lib/be/libg.a(lib_a-wsetup.o)
                0x0000000000010b28                __swsetup_r
 .text.abort    0x0000000000010c70       0x14 /opt/devkitpro/devkitARM/arm-none-eabi/lib/be/libg.a(lib_a-abort.o)
                0x0000000000010c70                abort
 .text.__env_lock
                0x0000000000010c84       0x18 /opt/devkitpro/devkitARM/arm-none-eabi/lib/be/libg.a(lib_a-envlock.o)
                0x0000000000010c84                __env_lock
 .text.__env_unlock
                0x0000000000010c9c       0x18 /opt/devkitpro/devkitARM/arm-none-eabi/lib/be/libg.a(lib_a-envlock.o)
                0x0000000000010c9c                __env_unlock
 .text.__sflush_r
                0x0000000000010cb4      0x250 /opt/devkitpro/devkitARM/arm-none-eabi/lib/be/libg.a(lib_a-fflush.o)
                0x0000000000010cb4                __sflush_r
 .text._fflush_r
                0x0000000000010f04       0x9c /opt/devkitpro/devkitARM/arm-none-eabi/lib/be/libg.a(lib_a-fflush.o)
                0x0000000000010f04                _fflush_r
 .text.fflush   0x0000000000010fa0       0x3c /opt/devkitpro/devkitARM/arm-none-eabi/lib/be/libg.a(lib_a-fflush.o)
                0x0000000000010fa0                fflush
 .text._cleanup_r
                0x0000000000010fdc       0x18 /opt/devkitpro/devkitARM/arm-none-eabi/lib/be/libg.a(lib_a-findfp.o)
                0x0000000000010fdc                _cleanup_r
 .text.__fp_lock
                0x0000000000010ff4       0x34 /opt/devkitpro/devkitARM/arm-none-eabi/lib/be/libg.a(lib_a-findfp.o)
 .text.__fp_unlock
                0x0000000000011028       0x34 /opt/devkitpro/devkitARM/arm-none-eabi/lib/be/libg.a(lib_a-findfp.o)
 .text.__sfmoreglue
                0x000000000001105c       0x4c /opt/devkitpro/devkitARM/arm-none-eabi/lib/be/libg.a(lib_a-findfp.o)
                0x000000000001105c                __sfmoreglue
 .text._cleanup
                0x00000000000110a8       0x24 /opt/devkitpro/devkitARM/arm-none-eabi/lib/be/libg.a(lib_a-findfp.o)
                0x00000000000110a8                _cleanup
 .text.__sinit  0x00000000000110cc      0x18c /opt/devkitpro/devkitARM/arm-none-eabi/lib/be/libg.a(lib_a-findfp.o)
                0x00000000000110cc                __sinit
 .text.__sfp    0x0000000000011258      0x138 /opt/devkitpro/devkitARM/arm-none-eabi/lib/be/libg.a(lib_a-findfp.o)
                0x0000000000011258                __sfp
 .text.__sfp_lock_acquire
                0x0000000000011390       0x18 /opt/devkitpro/devkitARM/arm-none-eabi/lib/be/libg.a(lib_a-findfp.o)
                0x0000000000011390                __sfp_lock_acquire
 .text.__sfp_lock_release
                0x00000000000113a8       0x18 /opt/devkitpro/devkitARM/arm-none-eabi/lib/be/libg.a(lib_a-findfp.o)
                0x00000000000113a8                __sfp_lock_release
 .text.__sinit_lock_acquire
                0x00000000000113c0       0x18 /opt/devkitpro/devkitARM/arm-none-eabi/lib/be/libg.a(lib_a-findfp.o)
                0x00000000000113c0                __sinit_lock_acquire
 .text.__sinit_lock_release
                0x00000000000113d8       0x18 /opt/devkitpro/devkitARM/arm-none-eabi/lib/be/libg.a(lib_a-findfp.o)
                0x00000000000113d8                __sinit_lock_release
 .text.__fp_lock_all
                0x00000000000113f0       0x28 /opt/devkitpro/devkitARM/arm-none-eabi/lib/be/libg.a(lib_a-findfp.o)
                0x00000000000113f0                __fp_lock_all
 .text.__fp_unlock_all
                0x0000000000011418       0x28 /opt/devkitpro/devkitARM/arm-none-eabi/lib/be/libg.a(lib_a-findfp.o)
                0x0000000000011418                __fp_unlock_all
 .text.__sfvwrite_r
                0x0000000000011440      0x4c8 /opt/devkitpro/devkitARM/arm-none-eabi/lib/be/libg.a(lib_a-fvwrite.o)
                0x0000000000011440                __sfvwrite_r
 .text._fwalk   0x0000000000011908       0x70 /opt/devkitpro/devkitARM/arm-none-eabi/lib/be/libg.a(lib_a-fwalk.o)
                0x0000000000011908                _fwalk
 .text._fwalk_reent
                0x0000000000011978       0x78 /opt/devkitpro/devkitARM/arm-none-eabi/lib/be/libg.a(lib_a-fwalk.o)
                0x0000000000011978                _fwalk_reent
 .text.__smakebuf_r
                0x00000000000119f0      0x144 /opt/devkitpro/devkitARM/arm-none-eabi/lib/be/libg.a(lib_a-makebuf.o)
                0x00000000000119f0                __smakebuf_r
 .text.__swhatbuf_r
                0x0000000000011b34       0x80 /opt/devkitpro/devkitARM/arm-none-eabi/lib/be/libg.a(lib_a-makebuf.o)
                0x0000000000011b34                __swhatbuf_r
 .text._init_signal_r
                0x0000000000011bb4       0x54 /opt/devkitpro/devkitARM/arm-none-eabi/lib/be/libg.a(lib_a-signal.o)
                0x0000000000011bb4                _init_signal_r
 .text._signal_r
                0x0000000000011c08       0x84 /opt/devkitpro/devkitARM/arm-none-eabi/lib/be/libg.a(lib_a-signal.o)
                0x0000000000011c08                _signal_r
 .text._raise_r
                0x0000000000011c8c       0x94 /opt/devkitpro/devkitARM/arm-none-eabi/lib/be/libg.a(lib_a-signal.o)
                0x0000000000011c8c                _raise_r
 .text.__sigtramp_r
                0x0000000000011d20       0xb4 /opt/devkitpro/devkitARM/arm-none-eabi/lib/be/libg.a(lib_a-signal.o)
                0x0000000000011d20                __sigtramp_r
 .text.raise    0x0000000000011dd4       0x18 /opt/devkitpro/devkitARM/arm-none-eabi/lib/be/libg.a(lib_a-signal.o)
                0x0000000000011dd4                raise
 .text.signal   0x0000000000011dec       0x7c /opt/devkitpro/devkitARM/arm-none-eabi/lib/be/libg.a(lib_a-signal.o)
                0x0000000000011dec                signal
 .text._init_signal
                0x0000000000011e68       0x58 /opt/devkitpro/devkitARM/arm-none-eabi/lib/be/libg.a(lib_a-signal.o)
                0x0000000000011e68                _init_signal
 .text.__sigtramp
                0x0000000000011ec0       0x18 /opt/devkitpro/devkitARM/arm-none-eabi/lib/be/libg.a(lib_a-signal.o)
                0x0000000000011ec0                __sigtramp
 .text.__sread  0x0000000000011ed8       0x4c /opt/devkitpro/devkitARM/arm-none-eabi/lib/be/libg.a(lib_a-stdio.o)
                0x0000000000011ed8                __sread
 .text.__seofread
                0x0000000000011f24        0x8 /opt/devkitpro/devkitARM/arm-none-eabi/lib/be/libg.a(lib_a-stdio.o)
                0x0000000000011f24                __seofread
 .text.__swrite
                0x0000000000011f2c       0x6c /opt/devkitpro/devkitARM/arm-none-eabi/lib/be/libg.a(lib_a-stdio.o)
                0x0000000000011f2c                __swrite
 .text.__sseek  0x0000000000011f98       0x48 /opt/devkitpro/devkitARM/arm-none-eabi/lib/be/libg.a(lib_a-stdio.o)
                0x0000000000011f98                __sseek
 .text.__sclose
                0x0000000000011fe0       0x14 /opt/devkitpro/devkitARM/arm-none-eabi/lib/be/libg.a(lib_a-stdio.o)
                0x0000000000011fe0                __sclose
 .text._fclose_r
                0x0000000000011ff4      0x164 /opt/devkitpro/devkitARM/arm-none-eabi/lib/be/libg.a(lib_a-fclose.o)
                0x0000000000011ff4                _fclose_r
 .text.fclose   0x0000000000012158       0x18 /opt/devkitpro/devkitARM/arm-none-eabi/lib/be/libg.a(lib_a-fclose.o)
                0x0000000000012158                fclose
 .text._fstat_r
                0x0000000000012170       0x7c /opt/devkitpro/devkitARM/arm-none-eabi/lib/be/libsysbase.a(fstat.o)
                0x0000000000012170                _fstat_r
 .text._getpid_r
                0x00000000000121ec       0x14 /opt/devkitpro/devkitARM/arm-none-eabi/lib/be/libsysbase.a(getpid.o)
                0x00000000000121ec                _getpid_r
 .text._isatty_r
                0x0000000000012200        0x8 /opt/devkitpro/devkitARM/arm-none-eabi/lib/be/libsysbase.a(isatty.o)
                0x0000000000012200                _isatty_r
 .text._kill_r  0x0000000000012208       0x14 /opt/devkitpro/devkitARM/arm-none-eabi/lib/be/libsysbase.a(kill.o)
                0x0000000000012208                _kill_r
 .text._lseek_r
                0x000000000001221c       0x88 /opt/devkitpro/devkitARM/arm-none-eabi/lib/be/libsysbase.a(lseek.o)
                0x000000000001221c                _lseek_r
 .text._read_r  0x00000000000122a4       0x84 /opt/devkitpro/devkitARM/arm-none-eabi/lib/be/libsysbase.a(read.o)
                0x00000000000122a4                _read_r
 .text._sbrk_r  0x0000000000012328       0x7c /opt/devkitpro/devkitARM/arm-none-eabi/lib/be/libsysbase.a(sbrk.o)
                0x0000000000012328                _sbrk_r
 .text._write_r
                0x00000000000123a4       0x84 /opt/devkitpro/devkitARM/arm-none-eabi/lib/be/libsysbase.a(write.o)
                0x00000000000123a4                _write_r
 .text._exit    0x0000000000012428       0x20 /opt/devkitpro/devkitARM/arm-none-eabi/lib/be/libsysbase.a(_exit.o)
                0x0000000000012428                _exit
 .text.__flockfile
                0x0000000000012448       0x14 /opt/devkitpro/devkitARM/arm-none-eabi/lib/be/libsysbase.a(flock.o)
                0x0000000000012448                __flockfile
 .text.__funlockfile
                0x000000000001245c       0x14 /opt/devkitpro/devkitARM/arm-none-eabi/lib/be/libsysbase.a(flock.o)
                0x000000000001245c                __funlockfile
 .text.__release_handle
                0x0000000000012470       0x90 /opt/devkitpro/devkitARM/arm-none-eabi/lib/be/libsysbase.a(handle_manager.o)
                0x0000000000012470                __release_handle
 .text.__alloc_handle
                0x0000000000012500       0xb4 /opt/devkitpro/devkitARM/arm-none-eabi/lib/be/libsysbase.a(handle_manager.o)
                0x0000000000012500                __alloc_handle
 .text.__get_handle
                0x00000000000125b4       0x40 /opt/devkitpro/devkitARM/arm-none-eabi/lib/be/libsysbase.a(handle_manager.o)
                0x00000000000125b4                __get_handle
 .text.dup      0x00000000000125f4       0x94 /opt/devkitpro/devkitARM/arm-none-eabi/lib/be/libsysbase.a(handle_manager.o)
                0x00000000000125f4                dup
 .text.dup2     0x0000000000012688      0x138 /opt/devkitpro/devkitARM/arm-none-eabi/lib/be/libsysbase.a(handle_manager.o)
                0x0000000000012688                dup2
 .text._close_r
                0x00000000000127c0       0xfc /opt/devkitpro/devkitARM/arm-none-eabi/lib/be/libsysbase.a(handle_manager.o)
                0x00000000000127c0                _close_r
 .text.__getreent
                0x00000000000128bc       0x30 /opt/devkitpro/devkitARM/arm-none-eabi/lib/be/libsysbase.a(getreent.o)
                0x00000000000128bc                __getreent
 .text.__libc_lock_init
                0x00000000000128ec       0x20 /opt/devkitpro/devkitARM/arm-none-eabi/lib/be/libsysbase.a(syscall_support.o)
                0x00000000000128ec                __libc_lock_init
 .text.__libc_lock_acquire
                0x000000000001290c       0x20 /opt/devkitpro/devkitARM/arm-none-eabi/lib/be/libsysbase.a(syscall_support.o)
                0x000000000001290c                __libc_lock_acquire
 .text.__libc_lock_try_acquire
                0x000000000001292c       0x28 /opt/devkitpro/devkitARM/arm-none-eabi/lib/be/libsysbase.a(syscall_support.o)
                0x000000000001292c                __libc_lock_try_acquire
 .text.__libc_lock_release
                0x0000000000012954       0x20 /opt/devkitpro/devkitARM/arm-none-eabi/lib/be/libsysbase.a(syscall_support.o)
                0x0000000000012954                __libc_lock_release
 .text.__libc_lock_close
                0x0000000000012974       0x20 /opt/devkitpro/devkitARM/arm-none-eabi/lib/be/libsysbase.a(syscall_support.o)
                0x0000000000012974                __libc_lock_close
 .text.__libc_lock_init_recursive
                0x0000000000012994       0x20 /opt/devkitpro/devkitARM/arm-none-eabi/lib/be/libsysbase.a(syscall_support.o)
                0x0000000000012994                __libc_lock_init_recursive
 .text.__libc_lock_acquire_recursive
                0x00000000000129b4       0x20 /opt/devkitpro/devkitARM/arm-none-eabi/lib/be/libsysbase.a(syscall_support.o)
                0x00000000000129b4                __libc_lock_acquire_recursive
 .text.__libc_lock_try_acquire_recursive
                0x00000000000129d4       0x28 /opt/devkitpro/devkitARM/arm-none-eabi/lib/be/libsysbase.a(syscall_support.o)
                0x00000000000129d4                __libc_lock_try_acquire_recursive
 .text.__libc_lock_release_recursive
                0x00000000000129fc       0x20 /opt/devkitpro/devkitARM/arm-none-eabi/lib/be/libsysbase.a(syscall_support.o)
                0x00000000000129fc                __libc_lock_release_recursive
 .text.__libc_lock_close_recursive
                0x0000000000012a1c       0x20 /opt/devkitpro/devkitARM/arm-none-eabi/lib/be/libsysbase.a(syscall_support.o)
                0x0000000000012a1c                __libc_lock_close_recursive
 .text.null_write
                0x0000000000012a3c        0x8 /opt/devkitpro/devkitARM/arm-none-eabi/lib/be/libsysbase.a(iosupport.o)
 .text.setDefaultDevice
                0x0000000000012a44       0x18 /opt/devkitpro/devkitARM/arm-none-eabi/lib/be/libsysbase.a(iosupport.o)
                0x0000000000012a44                setDefaultDevice
 .text.FindDevice
                0x0000000000012a5c       0xd4 /opt/devkitpro/devkitARM/arm-none-eabi/lib/be/libsysbase.a(iosupport.o)
                0x0000000000012a5c                FindDevice
 .text.RemoveDevice
                0x0000000000012b30       0x2c /opt/devkitpro/devkitARM/arm-none-eabi/lib/be/libsysbase.a(iosupport.o)
                0x0000000000012b30                RemoveDevice
 .text.AddDevice
                0x0000000000012b5c       0xa4 /opt/devkitpro/devkitARM/arm-none-eabi/lib/be/libsysbase.a(iosupport.o)
                0x0000000000012b5c                AddDevice
 .text.GetDeviceOpTab
                0x0000000000012c00       0x24 /opt/devkitpro/devkitARM/arm-none-eabi/lib/be/libsysbase.a(iosupport.o)
                0x0000000000012c00                GetDeviceOpTab
 .text          0x0000000000012c24      0x114 /opt/devkitpro/devkitARM/lib/gcc/arm-none-eabi/12.2.0/be/libgcc.a(_udivsi3.o)
                0x0000000000012c24                __udivsi3
                0x0000000000012c24                __aeabi_uidiv
                0x0000000000012d18                __aeabi_uidivmod
 .text          0x0000000000012d38      0x148 /opt/devkitpro/devkitARM/lib/gcc/arm-none-eabi/12.2.0/be/libgcc.a(_divsi3.o)
                0x0000000000012d38                __aeabi_idiv
                0x0000000000012d38                __divsi3
                0x0000000000012e60                __aeabi_idivmod
 .text          0x0000000000012e80        0x4 /opt/devkitpro/devkitARM/lib/gcc/arm-none-eabi/12.2.0/be/libgcc.a(_dvmd_tls.o)
                0x0000000000012e80                __aeabi_ldiv0
                0x0000000000012e80                __aeabi_idiv0
 .text          0x0000000000012e84      0x42c /opt/devkitpro/devkitARM/lib/gcc/arm-none-eabi/12.2.0/be/libgcc.a(_arm_addsubdf3.o)
                0x0000000000012e84                __aeabi_drsub
                0x0000000000012e8c                __aeabi_dsub
                0x0000000000012e8c                __subdf3
                0x0000000000012e90                __adddf3
                0x0000000000012e90                __aeabi_dadd
                0x00000000000131a0                __aeabi_ui2d
                0x00000000000131a0                __floatunsidf
                0x00000000000131c8                __floatsidf
                0x00000000000131c8                __aeabi_i2d
                0x00000000000131f4                __extendsfdf2
                0x00000000000131f4                __aeabi_f2d
                0x000000000001323c                __aeabi_ul2d
                0x000000000001323c                __floatundidf
                0x0000000000013250                __floatdidf
                0x0000000000013250                __aeabi_l2d
 .text          0x00000000000132b0      0x49c /opt/devkitpro/devkitARM/lib/gcc/arm-none-eabi/12.2.0/be/libgcc.a(_arm_muldivdf3.o)
                0x00000000000132b0                __aeabi_dmul
                0x00000000000132b0                __muldf3
                0x0000000000013540                __aeabi_ddiv
                0x0000000000013540                __divdf3
 .text          0x000000000001374c      0x144 /opt/devkitpro/devkitARM/lib/gcc/arm-none-eabi/12.2.0/be/libgcc.a(_arm_cmpdf2.o)
                0x000000000001374c                __gtdf2
                0x000000000001374c                __gedf2
                0x0000000000013754                __ltdf2
                0x0000000000013754                __ledf2
                0x000000000001375c                __cmpdf2
                0x000000000001375c                __eqdf2
                0x000000000001375c                __nedf2
                0x00000000000137e4                __aeabi_cdrcmple
                0x0000000000013800                __aeabi_cdcmple
                0x0000000000013800                __aeabi_cdcmpeq
                0x0000000000013818                __aeabi_dcmpeq
                0x0000000000013830                __aeabi_dcmplt
                0x0000000000013848                __aeabi_dcmple
                0x0000000000013860                __aeabi_dcmpge
                0x0000000000013878                __aeabi_dcmpgt
 .text          0x0000000000013890       0x38 /opt/devkitpro/devkitARM/lib/gcc/arm-none-eabi/12.2.0/be/libgcc.a(_arm_unorddf2.o)
                0x0000000000013890                __aeabi_dcmpun
                0x0000000000013890                __unorddf2
 .text          0x00000000000138c8       0x5c /opt/devkitpro/devkitARM/lib/gcc/arm-none-eabi/12.2.0/be/libgcc.a(_arm_fixdfsi.o)
                0x00000000000138c8                __fixdfsi
                0x00000000000138c8                __aeabi_d2iz
 .text          0x0000000000013924       0x3c /opt/devkitpro/devkitARM/lib/gcc/arm-none-eabi/12.2.0/be/libgcc.a(_aeabi_uldivmod.o)
                0x0000000000013924                __aeabi_uldivmod
 .text.__udivmoddi4
                0x0000000000013960      0x12c /opt/devkitpro/devkitARM/lib/gcc/arm-none-eabi/12.2.0/be/libgcc.a(_udivmoddi4.o)
                0x0000000000013960                __udivmoddi4
 .text          0x0000000000013a8c       0x28 /opt/devkitpro/devkitARM/lib/gcc/arm-none-eabi/12.2.0/be/libgcc.a(_clzdi2.o)
                0x0000000000013a8c                __clzdi2
 .text          0x0000000000013ab4       0x48 /opt/devkitpro/devkitARM/lib/gcc/arm-none-eabi/12.2.0/be/libgcc.a(_clzsi2.o)
                0x0000000000013ab4                __clzsi2
 .text.malloc   0x0000000000013afc       0x1c /opt/devkitpro/devkitARM/arm-none-eabi/lib/be/libg.a(lib_a-malloc.o)
                0x0000000000013afc                malloc
 .text.free     0x0000000000013b18       0x1c /opt/devkitpro/devkitARM/arm-none-eabi/lib/be/libg.a(lib_a-malloc.o)
                0x0000000000013b18                free
                0x0000000000013b38                . = ALIGN (0x8)
 *fill*         0x0000000000013b34        0x4 

.glue_7         0x0000000000013b38        0x0
 .glue_7        0x0000000000013b38        0x0 linker stubs

.glue_7t        0x0000000000013b38        0x0
 .glue_7t       0x0000000000013b38        0x0 linker stubs

.vfp11_veneer   0x0000000000013b38        0x0
 .vfp11_veneer  0x0000000000013b38        0x0 linker stubs

.v4_bx          0x0000000000013b38        0x0
 .v4_bx         0x0000000000013b38        0x0 linker stubs

.fini           0x0000000000013b38        0x0
 *(.fini)
                0x0000000000013b38                . = ALIGN (0x8)

.plt            0x0000000000013b38      0x218
 *(.plt)
 .plt           0x0000000000013b38      0x218 main.o
 *(.iplt)
 .iplt          0x0000000000013d50        0x0 main.o
                0x0000000000013d50                . = ALIGN (0x8)
                0x0000000000013e00                . = ALIGN (0x100)

.rodata         0x0000000000013e00      0xd18
 *(.rodata .rodata.* .gnu.linkonce.r.*)
 .rodata.kern_main.str1.1
                0x0000000000013e00       0x56 main.o
 .rodata.mcp_main.str1.1
                0x0000000000013e56       0x38 main.o
 .rodata.print_log.str1.1
                0x0000000000013e8e       0x38 text.o
                                          0x2 (size before relaxing)
 *fill*         0x0000000000013e8e        0x2 
 .rodata.framebuffer
                0x0000000000013e90        0x4 text.o
                0x0000000000013e90                framebuffer
 .rodata.fsa_copydir.str1.1
                0x0000000000013e94      0x1c0 wupserver.o
 .rodata.mount_sd.str1.1
                0x0000000000014054       0x36 wupserver.o
 .rodata.mount_mlc.str1.1
                0x000000000001408a       0x34 wupserver.o
 .rodata.wait_storages_ready.str1.1
                0x00000000000140be       0x67 wupserver.o
 .rodata.wupserver_main.str1.1
                0x0000000000014125       0x97 wupserver.o
 .rodata._svfprintf_r.str1.1
                0x00000000000141bc       0x3b /opt/devkitpro/devkitARM/arm-none-eabi/lib/be/libg.a(lib_a-svfprintf.o)
 *fill*         0x00000000000141f7        0x1 
 .rodata.zeroes.0
                0x00000000000141f8       0x10 /opt/devkitpro/devkitARM/arm-none-eabi/lib/be/libg.a(lib_a-svfprintf.o)
 .rodata.blanks.1
                0x0000000000014208       0x10 /opt/devkitpro/devkitARM/arm-none-eabi/lib/be/libg.a(lib_a-svfprintf.o)
 .rodata._dtoa_r.str1.4
                0x0000000000014218       0x6d /opt/devkitpro/devkitARM/arm-none-eabi/lib/be/libg.a(lib_a-dtoa.o)
 *fill*         0x0000000000014285        0x3 
 .rodata.currentlocale.str1.4
                0x0000000000014288        0x2 /opt/devkitpro/devkitARM/arm-none-eabi/lib/be/libg.a(lib_a-locale.o)
 *fill*         0x000000000001428a        0x2 
 .rodata.__loadlocale.str1.4
                0x000000000001428c       0xd6 /opt/devkitpro/devkitARM/arm-none-eabi/lib/be/libg.a(lib_a-locale.o)
 *fill*         0x0000000000014362        0x2 
 .rodata.__get_locale_env.str1.4
                0x0000000000014364        0xd /opt/devkitpro/devkitARM/arm-none-eabi/lib/be/libg.a(lib_a-locale.o)
 *fill*         0x0000000000014371        0x3 
 .rodata.str1.4
                0x0000000000014374       0x48 /opt/devkitpro/devkitARM/arm-none-eabi/lib/be/libg.a(lib_a-locale.o)
                                         0x4c (size before relaxing)
 .rodata.__C_locale
                0x00000000000143bc      0x16c /opt/devkitpro/devkitARM/arm-none-eabi/lib/be/libg.a(lib_a-locale.o)
                0x00000000000143bc                __C_locale
 .rodata.categories
                0x0000000000014528       0x1c /opt/devkitpro/devkitARM/arm-none-eabi/lib/be/libg.a(lib_a-locale.o)
 .rodata.JIS_action_table
                0x0000000000014544       0x48 /opt/devkitpro/devkitARM/arm-none-eabi/lib/be/libg.a(lib_a-mbtowc_r.o)
 .rodata.JIS_state_table
                0x000000000001458c       0x48 /opt/devkitpro/devkitARM/arm-none-eabi/lib/be/libg.a(lib_a-mbtowc_r.o)
 .rodata.__multadd.str1.4
                0x00000000000145d4       0x46 /opt/devkitpro/devkitARM/arm-none-eabi/lib/be/libg.a(lib_a-mprec.o)
                                         0x5a (size before relaxing)
 *fill*         0x000000000001461a        0x2 
 .rodata.p05.0  0x000000000001461c        0xc /opt/devkitpro/devkitARM/arm-none-eabi/lib/be/libg.a(lib_a-mprec.o)
 .rodata.__mprec_tinytens
                0x0000000000014628       0x28 /opt/devkitpro/devkitARM/arm-none-eabi/lib/be/libg.a(lib_a-mprec.o)
                0x0000000000014628                __mprec_tinytens
 .rodata.__mprec_bigtens
                0x0000000000014650       0x28 /opt/devkitpro/devkitARM/arm-none-eabi/lib/be/libg.a(lib_a-mprec.o)
                0x0000000000014650                __mprec_bigtens
 .rodata.__mprec_tens
                0x0000000000014678       0xc8 /opt/devkitpro/devkitARM/arm-none-eabi/lib/be/libg.a(lib_a-mprec.o)
                0x0000000000014678                __mprec_tens
 .rodata._svfiprintf_r.str1.1
                0x0000000000014740       0x29 /opt/devkitpro/devkitARM/arm-none-eabi/lib/be/libg.a(lib_a-svfiprintf.o)
 .rodata.zeroes.0
                0x0000000000014740       0x10 /opt/devkitpro/devkitARM/arm-none-eabi/lib/be/libg.a(lib_a-svfiprintf.o)
 .rodata.blanks.1
                0x0000000000014750       0x10 /opt/devkitpro/devkitARM/arm-none-eabi/lib/be/libg.a(lib_a-svfiprintf.o)
 .rodata.__action_table
                0x0000000000014760       0x6c /opt/devkitpro/devkitARM/arm-none-eabi/lib/be/libg.a(lib_a-svfiprintf.o)
                0x0000000000014760                __action_table
 .rodata.__state_table
                0x00000000000147cc       0x6c /opt/devkitpro/devkitARM/arm-none-eabi/lib/be/libg.a(lib_a-svfiprintf.o)
                0x00000000000147cc                __state_table
 .rodata.__chclass
                0x0000000000014838      0x100 /opt/devkitpro/devkitARM/arm-none-eabi/lib/be/libg.a(lib_a-svfiprintf.o)
                0x0000000000014838                __chclass
 .rodata.__assert_func.str1.4
                0x0000000000014938       0x3f /opt/devkitpro/devkitARM/arm-none-eabi/lib/be/libg.a(lib_a-assert.o)
                                         0x43 (size before relaxing)
 *fill*         0x0000000000014977        0x1 
 .rodata._ctype_
                0x0000000000014978      0x101 /opt/devkitpro/devkitARM/arm-none-eabi/lib/be/libg.a(lib_a-ctype_.o)
                0x0000000000014978                _ctype_
 .rodata._vfiprintf_r.str1.1
                0x0000000000014a79       0x29 /opt/devkitpro/devkitARM/arm-none-eabi/lib/be/libg.a(lib_a-vfiprintf.o)
 *fill*         0x0000000000014a79        0x3 
 .rodata.zeroes.0
                0x0000000000014a7c       0x10 /opt/devkitpro/devkitARM/arm-none-eabi/lib/be/libg.a(lib_a-vfiprintf.o)
 .rodata.blanks.1
                0x0000000000014a8c       0x10 /opt/devkitpro/devkitARM/arm-none-eabi/lib/be/libg.a(lib_a-vfiprintf.o)
 .rodata._global_impure_ptr
                0x0000000000014a9c        0x4 /opt/devkitpro/devkitARM/arm-none-eabi/lib/be/libg.a(lib_a-impure.o)
                0x0000000000014a9c                _global_impure_ptr
 .rodata.AddDevice.str1.4
                0x0000000000014aa0        0x8 /opt/devkitpro/devkitARM/arm-none-eabi/lib/be/libsysbase.a(iosupport.o)
 .rodata.dotab_stdnull
                0x0000000000014aa8       0x70 /opt/devkitpro/devkitARM/arm-none-eabi/lib/be/libsysbase.a(iosupport.o)
                0x0000000000014aa8                dotab_stdnull
                0x0000000000014b18                . = ALIGN (0x8)

.eh_frame_hdr   0x0000000000014b18        0x0
                0x0000000000014b18                __eh_frame_hdr_start = .
 *(.eh_frame_hdr)
 *(.eh_frame_entry .eh_frame_entry.*)
                0x0000000000014b18                __eh_frame_hdr_end = .

.eh_frame
 *(.eh_frame)
 *(.eh_frame.*)

.gcc_except_table
 *(.gcc_except_table .gcc_except_table.*)

.gnu_extab
 *(.gnu_extab*)
                0x0000000000014b18                __dynamic_start__ = .

.dynamic        0x0000000000014b18       0xa8
 *(.dynamic)
 .dynamic       0x0000000000014b18       0xa8 main.o
                0x0000000000014b18                _DYNAMIC

.dynsym         0x0000000000014bc0     0x1110
 *(.dynsym)
 .dynsym        0x0000000000014bc0     0x1110 main.o

.dynstr         0x0000000000015cd0      0xd50
 *(.dynstr)
 .dynstr        0x0000000000015cd0      0xd50 main.o

.rel.dyn        0x0000000000016a20     0x22a8
 .rel.got       0x0000000000016a20       0x18 main.o
 .rel.plt       0x0000000000018b70      0x158 main.o
 .rel.bss       0x0000000000016b90        0x0 main.o
 .rel.data.rel.ro
                0x0000000000016b90        0x0 main.o
 .rel.iplt      0x0000000000016b90        0x0 main.o
 .rel.text.serverCommandHandler
                0x0000000000016b90        0x0 main.o
 .rel.text.serverClientHandler
                0x0000000000016b90        0x0 main.o
 .rel.text.serverListenClients
                0x0000000000016b90        0x0 main.o
 .rel.text.get_arg
                0x0000000000016a38      0x480 main.o
 .rel.text._svfprintf_r
                0x0000000000016eb8      0x338 main.o
 .rel.text._wcrtomb_r
                0x00000000000171f0        0x8 main.o
 .rel.text.wcrtomb
                0x00000000000171f8        0x8 main.o
 .rel.text._dtoa_r
                0x0000000000017200       0x60 main.o
 .rel.text._malloc_trim_r
                0x0000000000017260       0x18 main.o
 .rel.text._free_r
                0x0000000000017278       0x18 main.o
 .rel.text._localeconv_r
                0x0000000000017290        0x8 main.o
 .rel.text.localeconv
                0x0000000000017298        0x8 main.o
 .rel.text.currentlocale
                0x00000000000172a0       0x18 main.o
 .rel.text.__loadlocale
                0x00000000000172b8      0x2e0 main.o
 .rel.text.__get_locale_env
                0x0000000000017598       0x20 main.o
 .rel.text._setlocale_r
                0x00000000000175b8       0x30 main.o
 .rel.text.__locale_mb_cur_max
                0x00000000000175e8        0x8 main.o
 .rel.data.__global_locale
                0x00000000000175f0       0x68 main.o
 .rel.rodata.__C_locale
                0x0000000000017658       0x68 main.o
 .rel.rodata.categories
                0x00000000000176c0       0x38 main.o
 .rel.text._malloc_r
                0x00000000000176f8       0x38 main.o
 .rel.data.__malloc_av_
                0x0000000000017730      0x800 main.o
 .rel.text._mbtowc_r
                0x0000000000017f30        0x8 main.o
 .rel.text.__jis_mbtowc
                0x0000000000017f38      0x1c0 main.o
 .rel.text.__malloc_lock
                0x00000000000180f8        0x8 main.o
 .rel.text.__malloc_unlock
                0x0000000000018100        0x8 main.o
 .rel.text.__multadd
                0x0000000000018108       0x10 main.o
 .rel.text.__s2b
                0x0000000000018118       0x10 main.o
 .rel.text.__i2b
                0x0000000000018128       0x10 main.o
 .rel.text.__multiply
                0x0000000000018138       0x10 main.o
 .rel.text.__pow5mult
                0x0000000000018148       0x18 main.o
 .rel.text.__lshift
                0x0000000000018160       0x10 main.o
 .rel.text.__mdiff
                0x0000000000018170       0x10 main.o
 .rel.text.__d2b
                0x0000000000018180       0x10 main.o
 .rel.text._mprec_log10
                0x0000000000018190        0x8 main.o
 .rel.text.strcasecmp
                0x0000000000018198        0x8 main.o
 .rel.text.strncasecmp
                0x00000000000181a0        0x8 main.o
 .rel.text._strtol_l.part.0
                0x00000000000181a8        0x8 main.o
 .rel.text._svfiprintf_r
                0x00000000000181b0      0x310 main.o
 .rel.text._wcsnrtombs_r
                0x00000000000184c0        0x8 main.o
 .rel.text.wcsnrtombs
                0x00000000000184c8        0x8 main.o
 .rel.text._wctomb_r
                0x00000000000184d0        0x8 main.o
 .rel.text.__assert_func
                0x00000000000184d8       0x18 main.o
 .rel.text.__set_ctype
                0x00000000000184f0        0x8 main.o
 .rel.text._findenv_r
                0x00000000000184f8        0x8 main.o
 .rel.text._realloc_r
                0x0000000000018500        0x8 main.o
 .rel.text._vfiprintf_r
                0x0000000000018508      0x310 main.o
 .rel.data.environ
                0x0000000000018818        0x8 main.o
 .rel.text.__env_lock
                0x0000000000018820        0x8 main.o
 .rel.text.__env_unlock
                0x0000000000018828        0x8 main.o
 .rel.text.fflush
                0x0000000000018830       0x10 main.o
 .rel.text._cleanup_r
                0x0000000000018840        0x8 main.o
 .rel.text._cleanup
                0x0000000000018848       0x10 main.o
 .rel.text.__sinit
                0x0000000000018858       0x30 main.o
 .rel.text.__sfp
                0x0000000000018888       0x10 main.o
 .rel.text.__sfp_lock_acquire
                0x0000000000018898        0x8 main.o
 .rel.text.__sfp_lock_release
                0x00000000000188a0        0x8 main.o
 .rel.text.__sinit_lock_acquire
                0x00000000000188a8        0x8 main.o
 .rel.text.__sinit_lock_release
                0x00000000000188b0        0x8 main.o
 .rel.text.__fp_lock_all
                0x00000000000188b8       0x10 main.o
 .rel.text.__fp_unlock_all
                0x00000000000188c8       0x10 main.o
 .rel.rodata._global_impure_ptr
                0x00000000000188d8        0x8 main.o
 .rel.data._impure_ptr
                0x00000000000188e0        0x8 main.o
 .rel.data.impure_data
                0x00000000000188e8       0x18 main.o
 .rel.text.__smakebuf_r
                0x0000000000018900        0x8 main.o
 .rel.text._fstat_r
                0x0000000000018908        0x8 main.o
 .rel.text._lseek_r
                0x0000000000018910        0x8 main.o
 .rel.text._read_r
                0x0000000000018918        0x8 main.o
 .rel.text._sbrk_r
                0x0000000000018920       0x20 main.o
 .rel.text._write_r
                0x0000000000018940        0x8 main.o
 .rel.text._exit
                0x0000000000018948        0x8 main.o
 .rel.text.__release_handle
                0x0000000000018950       0x28 main.o
 .rel.text.__alloc_handle
                0x0000000000018978       0x20 main.o
 .rel.text.__get_handle
                0x0000000000018998       0x10 main.o
 .rel.text.dup  0x00000000000189a8       0x10 main.o
 .rel.text.dup2
                0x00000000000189b8       0x30 main.o
 .rel.text._close_r
                0x00000000000189e8       0x30 main.o
 .rel.data.handles
                0x0000000000018a18       0x18 main.o
 .rel.text.__getreent
                0x0000000000018a30       0x10 main.o
 .rel.text.__libc_lock_init
                0x0000000000018a40        0x8 main.o
 .rel.text.__libc_lock_acquire
                0x0000000000018a48        0x8 main.o
 .rel.text.__libc_lock_try_acquire
                0x0000000000018a50        0x8 main.o
 .rel.text.__libc_lock_release
                0x0000000000018a58        0x8 main.o
 .rel.text.__libc_lock_close
                0x0000000000018a60        0x8 main.o
 .rel.text.__libc_lock_init_recursive
                0x0000000000018a68        0x8 main.o
 .rel.text.__libc_lock_acquire_recursive
                0x0000000000018a70        0x8 main.o
 .rel.text.__libc_lock_try_acquire_recursive
                0x0000000000018a78        0x8 main.o
 .rel.text.__libc_lock_release_recursive
                0x0000000000018a80        0x8 main.o
 .rel.text.__libc_lock_close_recursive
                0x0000000000018a88        0x8 main.o
 .rel.text.setDefaultDevice
                0x0000000000018a90        0x8 main.o
 .rel.text.FindDevice
                0x0000000000018a98       0x18 main.o
 .rel.text.RemoveDevice
                0x0000000000018ab0       0x10 main.o
 .rel.text.AddDevice
                0x0000000000018ac0       0x18 main.o
 .rel.text.GetDeviceOpTab
                0x0000000000018ad8        0x8 main.o
 .rel.data.devoptab_list
                0x0000000000018ae0       0x80 main.o
 .rel.rodata.dotab_stdnull
                0x0000000000018b60       0x10 main.o

.rela.dyn
 *(.rela.*)

.interp         0x0000000000018cc8       0x11
 *(.interp)
 .interp        0x0000000000018cc8       0x11 main.o

.hash           0x0000000000018cdc      0x868
 *(.hash)
 .hash          0x0000000000018cdc      0x868 main.o

.gnu.hash
 *(.gnu.hash)

.gnu.version    0x0000000000019544        0x0
 *(.gnu.version)
 .gnu.version   0x0000000000019544        0x0 main.o

.gnu.version_d  0x0000000000019544        0x0
 *(.gnu.version_d)
 .gnu.version_d
                0x0000000000019544        0x0 main.o

.gnu.version_r  0x0000000000019544        0x0
 *(.gnu.version_r)
 .gnu.version_r
                0x0000000000019544        0x0 main.o

.note.gnu.build-id
                0x0000000000019544       0x24
 *(.note.gnu.build-id)
 .note.gnu.build-id
                0x0000000000019544       0x24 linker stubs
                0x0000000000019600                . = ALIGN (0x100)

.eh_frame
 *(.eh_frame)
 *(.eh_frame.*)

.gcc_except_table
 *(.gcc_except_table .gcc_except_table.*)

.gnu_extab
 *(.gnu_extab*)

.exception_ranges
 *(.exception_ranges .exception_ranges*)

.tdata          0x0000000000019600        0x0
                0x0000000000019600                __tdata_lma = .
 *(.tdata .tdata.* .gnu.linkonce.td.*)
                0x0000000000019600                . = ALIGN (0x8)
                0x0000000000019600                __tdata_lma_end = .

.tbss           0x0000000000019600        0x0
 *(.tbss .tbss.* .gnu.linkonce.tb.*)
 *(.tcommon)
                0x0000000000019600                . = ALIGN (0x8)

.preinit_array  0x0000000000019600        0x0
                [!provide]                        PROVIDE (__preinit_array_start = .)
 *(.preinit_array)
                [!provide]                        PROVIDE (__preinit_array_end = .)

.init_array     0x0000000000019600        0x0
                [!provide]                        PROVIDE (__init_array_start = .)
 *(SORT_BY_NAME(.init_array.*))
 *(.init_array)
                [!provide]                        PROVIDE (__init_array_end = .)

.fini_array     0x0000000000019600        0x0
                [!provide]                        PROVIDE (__fini_array_start = .)
 *(.fini_array)
 *(SORT_BY_NAME(.fini_array.*))
                [!provide]                        PROVIDE (__fini_array_end = .)

.ctors
 *crtbegin.o(.ctors)
 *(EXCLUDE_FILE(*crtend.o) .ctors)
 *(SORT_BY_NAME(.ctors.*))
 *(.ctors)

.dtors
 *crtbegin.o(.dtors)
 *(EXCLUDE_FILE(*crtend.o) .dtors)
 *(SORT_BY_NAME(.dtors.*))
 *(.dtors)
                0x0000000000019600                __got_start__ = .

.got            0x0000000000019600        0xc
 *(.got)
 .got           0x0000000000019600        0xc main.o
 *(.igot)

.got.plt        0x000000000001960c       0xb8
 *(.got.plt)
 .got.plt       0x000000000001960c       0xb8 main.o
                0x000000000001960c                _GLOBAL_OFFSET_TABLE_
 *(.igot.plt)
 .igot.plt      0x00000000000196c4        0x0 main.o
                0x00000000000196c4                __got_end__ = .

.data           0x00000000000196c8     0x1abc
 *(.data .data.* .gnu.linkonce.d.*)
 .data.rel.ro   0x00000000000196c8        0x0 main.o
 .data.__global_locale
                0x00000000000196c8      0x16c /opt/devkitpro/devkitARM/arm-none-eabi/lib/be/libg.a(lib_a-locale.o)
                0x00000000000196c8                __global_locale
 .data.__default_locale
                0x0000000000019834       0x20 /opt/devkitpro/devkitARM/arm-none-eabi/lib/be/libg.a(lib_a-locale.o)
                0x0000000000019834                __default_locale
 .data.__malloc_sbrk_base
                0x0000000000019854        0x4 /opt/devkitpro/devkitARM/arm-none-eabi/lib/be/libg.a(lib_a-mallocr.o)
                0x0000000000019854                __malloc_sbrk_base
 .data.__malloc_trim_threshold
                0x0000000000019858        0x4 /opt/devkitpro/devkitARM/arm-none-eabi/lib/be/libg.a(lib_a-mallocr.o)
                0x0000000000019858                __malloc_trim_threshold
 *fill*         0x000000000001985c        0x4 
 .data.__malloc_av_
                0x0000000000019860      0x408 /opt/devkitpro/devkitARM/arm-none-eabi/lib/be/libg.a(lib_a-mallocr.o)
                0x0000000000019860                __malloc_av_
 .data.environ  0x0000000000019c68        0x4 /opt/devkitpro/devkitARM/arm-none-eabi/lib/be/libg.a(lib_a-environ.o)
                0x0000000000019c68                environ
 .data._impure_ptr
                0x0000000000019c6c        0x4 /opt/devkitpro/devkitARM/arm-none-eabi/lib/be/libg.a(lib_a-impure.o)
                0x0000000000019c6c                _impure_ptr
 .data.impure_data
                0x0000000000019c70      0x460 /opt/devkitpro/devkitARM/arm-none-eabi/lib/be/libg.a(lib_a-impure.o)
 .data.handles  0x000000000001a0d0     0x1000 /opt/devkitpro/devkitARM/arm-none-eabi/lib/be/libsysbase.a(handle_manager.o)
 .data.__stderr_handle
                0x000000000001b0d0        0xc /opt/devkitpro/devkitARM/arm-none-eabi/lib/be/libsysbase.a(handle_manager.o)
 .data.__stdout_handle
                0x000000000001b0dc        0xc /opt/devkitpro/devkitARM/arm-none-eabi/lib/be/libsysbase.a(handle_manager.o)
 .data.__stdin_handle
                0x000000000001b0e8        0xc /opt/devkitpro/devkitARM/arm-none-eabi/lib/be/libsysbase.a(handle_manager.o)
 .data.devoptab_list
                0x000000000001b0f4       0x8c /opt/devkitpro/devkitARM/arm-none-eabi/lib/be/libsysbase.a(iosupport.o)
                0x000000000001b0f4                devoptab_list
 .data.defaultDevice
                0x000000000001b180        0x4 /opt/devkitpro/devkitARM/arm-none-eabi/lib/be/libsysbase.a(iosupport.o)
                0x000000000001b184                __bss_start__ = .

.bss            0x000000000001b188    0x10748
 *(.dynbss)
 .dynbss        0x000000000001b188        0x0 main.o
 *(.bss .bss.* .gnu.linkonce.b.*)
 .bss.wafel_SyscallTable
                0x000000000001b188      0x220 main.o
                0x000000000001b188                wafel_SyscallTable
 .bss.buffer.0  0x000000000001b3a8      0x100 text.o
 .bss.buffer.1  0x000000000001b4a8      0x100 text.o
 .bss.serverKilled
                0x000000000001b5a8        0x1 wupserver.o
                0x000000000001b5a8                serverKilled
 *fill*         0x000000000001b5a9        0x3 
 .bss.saved_categories.0
                0x000000000001b5ac       0xe0 /opt/devkitpro/devkitARM/arm-none-eabi/lib/be/libg.a(lib_a-locale.o)
 .bss.new_categories.1
                0x000000000001b68c       0xe0 /opt/devkitpro/devkitARM/arm-none-eabi/lib/be/libg.a(lib_a-locale.o)
 .bss.global_locale_string
                0x000000000001b76c       0xe7 /opt/devkitpro/devkitARM/arm-none-eabi/lib/be/libg.a(lib_a-locale.o)
 *fill*         0x000000000001b853        0x1 
 .bss._PathLocale
                0x000000000001b854        0x4 /opt/devkitpro/devkitARM/arm-none-eabi/lib/be/libg.a(lib_a-locale.o)
                0x000000000001b854                _PathLocale
 .bss.__malloc_current_mallinfo
                0x000000000001b858       0x28 /opt/devkitpro/devkitARM/arm-none-eabi/lib/be/libg.a(lib_a-mallocr.o)
                0x000000000001b858                __malloc_current_mallinfo
 .bss.__malloc_max_total_mem
                0x000000000001b880        0x4 /opt/devkitpro/devkitARM/arm-none-eabi/lib/be/libg.a(lib_a-mallocr.o)
                0x000000000001b880                __malloc_max_total_mem
 .bss.__malloc_max_sbrked_mem
                0x000000000001b884        0x4 /opt/devkitpro/devkitARM/arm-none-eabi/lib/be/libg.a(lib_a-mallocr.o)
                0x000000000001b884                __malloc_max_sbrked_mem
 .bss.__malloc_top_pad
                0x000000000001b888        0x4 /opt/devkitpro/devkitARM/arm-none-eabi/lib/be/libg.a(lib_a-mallocr.o)
                0x000000000001b888                __malloc_top_pad
 .bss.__malloc_recursive_mutex
                0x000000000001b88c        0xc /opt/devkitpro/devkitARM/arm-none-eabi/lib/be/libg.a(lib_a-mlock.o)
 .bss.initial_env
                0x000000000001b898        0x4 /opt/devkitpro/devkitARM/arm-none-eabi/lib/be/libg.a(lib_a-environ.o)
 .bss.__env_recursive_mutex
                0x000000000001b89c        0xc /opt/devkitpro/devkitARM/arm-none-eabi/lib/be/libg.a(lib_a-envlock.o)
 .bss.__sinit_recursive_mutex
                0x000000000001b8a8        0xc /opt/devkitpro/devkitARM/arm-none-eabi/lib/be/libg.a(lib_a-findfp.o)
 .bss.__sfp_recursive_mutex
                0x000000000001b8b4        0xc /opt/devkitpro/devkitARM/arm-none-eabi/lib/be/libg.a(lib_a-findfp.o)
 .bss.heap_start.0
                0x000000000001b8c0        0x4 /opt/devkitpro/devkitARM/arm-none-eabi/lib/be/libsysbase.a(sbrk.o)
 .bss.fake_heap_start
                0x000000000001b8c4        0x4 /opt/devkitpro/devkitARM/arm-none-eabi/lib/be/libsysbase.a(malloc_vars.o)
                0x000000000001b8c4                fake_heap_start
 .bss.fake_heap_end
                0x000000000001b8c8        0x4 /opt/devkitpro/devkitARM/arm-none-eabi/lib/be/libsysbase.a(malloc_vars.o)
                0x000000000001b8c8                fake_heap_end
 .bss.__hndl_lock
                0x000000000001b8cc        0x4 /opt/devkitpro/devkitARM/arm-none-eabi/lib/be/libsysbase.a(handle_manager.o)
 *(COMMON)
                0x000000000001b8d0                . = ALIGN (0x8)
                0x000000000001b8d0                __tls_start = .
                0x000000000001b8d0                . = (. + (SIZEOF (.tdata) + SIZEOF (.tbss)))
                0x000000000001b8d0                __tls_end = .
                0x000000000001b8d0                __heap_start = .
                0x000000000002b8d0                . = (. + 0x10000)
 *fill*         0x000000000001b8d0    0x10000 
                0x000000000002b8d0                __heap_end = .
                0x000000000002b8d0                __bss_end__ = .
                0x000000000002b8d0                __end__ = ABSOLUTE (.)
                0x000000000002b900                . = ALIGN (0x100)
                0x000000000002b900                __argdata__ = ABSOLUTE (.)

/DISCARD/
 *(.group .comment .note)

.stab
 *(.stab)

.stabstr
 *(.stabstr)

.stab.excl
 *(.stab.excl)

.stab.exclstr
 *(.stab.exclstr)

.stab.index
 *(.stab.index)

.stab.indexstr
 *(.stab.indexstr)

.debug
 *(.debug)

.line
 *(.line)

.debug_srcinfo
 *(.debug_srcinfo)

.debug_sfnames
 *(.debug_sfnames)

.debug_aranges
 *(.debug_aranges)

.debug_pubnames
 *(.debug_pubnames)

.debug_info
 *(.debug_info)

.debug_abbrev
 *(.debug_abbrev)

.debug_line
 *(.debug_line)

.debug_frame
 *(.debug_frame)

.debug_str
 *(.debug_str)

.debug_loc
 *(.debug_loc)

.debug_macinfo
 *(.debug_macinfo)
LOAD /opt/devkitpro/devkitARM/arm-none-eabi/lib/be/libnosys.a
LOAD main.o
LOAD text.o
LOAD wupserver.o
LOAD crt0.o
START GROUP
LOAD /opt/devkitpro/devkitARM/lib/gcc/arm-none-eabi/12.2.0/be/libgcc.a
LOAD /opt/devkitpro/devkitARM/arm-none-eabi/lib/be/libg.a
LOAD /opt/devkitpro/devkitARM/arm-none-eabi/lib/be/libc.a
LOAD /opt/devkitpro/devkitARM/arm-none-eabi/lib/be/libsysbase.a
END GROUP
OUTPUT(/home/jan/wiiu/stroopwafel/wafel_plugin_wupserver/wafel_plugin_wupserver.elf elf32-bigarm)
LOAD linker stubs

.ARM.attributes
                0x0000000000000000       0x2a
 .ARM.attributes
                0x0000000000000000       0x2c main.o
 .ARM.attributes
                0x000000000000002c       0x2c text.o
 .ARM.attributes
                0x0000000000000058       0x2c wupserver.o
 .ARM.attributes
                0x0000000000000084       0x1b crt0.o
 .ARM.attributes
                0x000000000000009f       0x2a /opt/devkitpro/devkitARM/arm-none-eabi/lib/be/libg.a(lib_a-memcpy-stub.o)
 .ARM.attributes
                0x00000000000000c9       0x2a /opt/devkitpro/devkitARM/arm-none-eabi/lib/be/libg.a(lib_a-memset.o)
 .ARM.attributes
                0x00000000000000f3       0x2a /opt/devkitpro/devkitARM/arm-none-eabi/lib/be/libg.a(lib_a-snprintf.o)
 .ARM.attributes
                0x000000000000011d       0x2a /opt/devkitpro/devkitARM/arm-none-eabi/lib/be/libg.a(lib_a-svfprintf.o)
 .ARM.attributes
                0x0000000000000147       0x2a /opt/devkitpro/devkitARM/arm-none-eabi/lib/be/libg.a(lib_a-vsnprintf.o)
 .ARM.attributes
                0x0000000000000171       0x2a /opt/devkitpro/devkitARM/arm-none-eabi/lib/be/libg.a(lib_a-wcrtomb.o)
 .ARM.attributes
                0x000000000000019b       0x2a /opt/devkitpro/devkitARM/arm-none-eabi/lib/be/libg.a(lib_a-wcsrtombs.o)
 .ARM.attributes
                0x00000000000001c5       0x2a /opt/devkitpro/devkitARM/arm-none-eabi/lib/be/libg.a(lib_a-dtoa.o)
 .ARM.attributes
                0x00000000000001ef       0x2a /opt/devkitpro/devkitARM/arm-none-eabi/lib/be/libg.a(lib_a-freer.o)
 .ARM.attributes
                0x0000000000000219       0x2a /opt/devkitpro/devkitARM/arm-none-eabi/lib/be/libg.a(lib_a-localeconv.o)
 .ARM.attributes
                0x0000000000000243       0x2a /opt/devkitpro/devkitARM/arm-none-eabi/lib/be/libg.a(lib_a-locale.o)
 .ARM.attributes
                0x000000000000026d       0x2a /opt/devkitpro/devkitARM/arm-none-eabi/lib/be/libg.a(lib_a-mallocr.o)
 .ARM.attributes
                0x0000000000000297       0x2a /opt/devkitpro/devkitARM/arm-none-eabi/lib/be/libg.a(lib_a-mbtowc_r.o)
 .ARM.attributes
                0x00000000000002c1       0x2a /opt/devkitpro/devkitARM/arm-none-eabi/lib/be/libg.a(lib_a-memchr-stub.o)
 .ARM.attributes
                0x00000000000002eb       0x2a /opt/devkitpro/devkitARM/arm-none-eabi/lib/be/libg.a(lib_a-mlock.o)
 .ARM.attributes
                0x0000000000000315       0x2a /opt/devkitpro/devkitARM/arm-none-eabi/lib/be/libg.a(lib_a-mprec.o)
 .ARM.attributes
                0x000000000000033f       0x2a /opt/devkitpro/devkitARM/arm-none-eabi/lib/be/libg.a(lib_a-s_frexp.o)
 .ARM.attributes
                0x0000000000000369       0x2a /opt/devkitpro/devkitARM/arm-none-eabi/lib/be/libg.a(lib_a-strcasecmp.o)
 .ARM.attributes
                0x0000000000000393       0x2a /opt/devkitpro/devkitARM/arm-none-eabi/lib/be/libg.a(lib_a-strcat.o)
 .ARM.attributes
                0x00000000000003bd       0x2a /opt/devkitpro/devkitARM/arm-none-eabi/lib/be/libg.a(lib_a-strchr.o)
 .ARM.attributes
                0x00000000000003e7       0x1a /opt/devkitpro/devkitARM/arm-none-eabi/lib/be/libg.a(lib_a-strcmp.o)
 .ARM.attributes
                0x0000000000000401       0x2a /opt/devkitpro/devkitARM/arm-none-eabi/lib/be/libg.a(lib_a-strcpy.o)
 .ARM.attributes
                0x000000000000042b       0x2a /opt/devkitpro/devkitARM/arm-none-eabi/lib/be/libg.a(lib_a-strlcpy.o)
 .ARM.attributes
                0x0000000000000455       0x2a /opt/devkitpro/devkitARM/arm-none-eabi/lib/be/libg.a(lib_a-strlen-stub.o)
 .ARM.attributes
                0x000000000000047f       0x2a /opt/devkitpro/devkitARM/arm-none-eabi/lib/be/libg.a(lib_a-strncasecmp.o)
 .ARM.attributes
                0x00000000000004a9       0x2a /opt/devkitpro/devkitARM/arm-none-eabi/lib/be/libg.a(lib_a-strncpy.o)
 .ARM.attributes
                0x00000000000004d3       0x2a /opt/devkitpro/devkitARM/arm-none-eabi/lib/be/libg.a(lib_a-strtol.o)
 .ARM.attributes
                0x00000000000004fd       0x2a /opt/devkitpro/devkitARM/arm-none-eabi/lib/be/libg.a(lib_a-svfiprintf.o)
 .ARM.attributes
                0x0000000000000527       0x2a /opt/devkitpro/devkitARM/arm-none-eabi/lib/be/libg.a(lib_a-wcsnrtombs.o)
 .ARM.attributes
                0x0000000000000551       0x2a /opt/devkitpro/devkitARM/arm-none-eabi/lib/be/libg.a(lib_a-wctomb_r.o)
 .ARM.attributes
                0x000000000000057b       0x2a /opt/devkitpro/devkitARM/arm-none-eabi/lib/be/libg.a(lib_a-assert.o)
 .ARM.attributes
                0x00000000000005a5       0x2a /opt/devkitpro/devkitARM/arm-none-eabi/lib/be/libg.a(lib_a-callocr.o)
 .ARM.attributes
                0x00000000000005cf       0x2a /opt/devkitpro/devkitARM/arm-none-eabi/lib/be/libg.a(lib_a-ctype_.o)
 .ARM.attributes
                0x00000000000005f9       0x2a /opt/devkitpro/devkitARM/arm-none-eabi/lib/be/libg.a(lib_a-errno.o)
 .ARM.attributes
                0x0000000000000623       0x2a /opt/devkitpro/devkitARM/arm-none-eabi/lib/be/libg.a(lib_a-fiprintf.o)
 .ARM.attributes
                0x000000000000064d       0x2a /opt/devkitpro/devkitARM/arm-none-eabi/lib/be/libg.a(lib_a-getenv_r.o)
 .ARM.attributes
                0x0000000000000677       0x2a /opt/devkitpro/devkitARM/arm-none-eabi/lib/be/libg.a(lib_a-memmove.o)
 .ARM.attributes
                0x00000000000006a1       0x2a /opt/devkitpro/devkitARM/arm-none-eabi/lib/be/libg.a(lib_a-reallocr.o)
 .ARM.attributes
                0x00000000000006cb       0x2a /opt/devkitpro/devkitARM/arm-none-eabi/lib/be/libg.a(lib_a-strncmp.o)
 .ARM.attributes
                0x00000000000006f5       0x2a /opt/devkitpro/devkitARM/arm-none-eabi/lib/be/libg.a(lib_a-vfiprintf.o)
 .ARM.attributes
                0x000000000000071f       0x2a /opt/devkitpro/devkitARM/arm-none-eabi/lib/be/libg.a(lib_a-wsetup.o)
 .ARM.attributes
                0x0000000000000749       0x2a /opt/devkitpro/devkitARM/arm-none-eabi/lib/be/libg.a(lib_a-abort.o)
 .ARM.attributes
                0x0000000000000773       0x2a /opt/devkitpro/devkitARM/arm-none-eabi/lib/be/libg.a(lib_a-environ.o)
 .ARM.attributes
                0x000000000000079d       0x2a /opt/devkitpro/devkitARM/arm-none-eabi/lib/be/libg.a(lib_a-envlock.o)
 .ARM.attributes
                0x00000000000007c7       0x2a /opt/devkitpro/devkitARM/arm-none-eabi/lib/be/libg.a(lib_a-fflush.o)
 .ARM.attributes
                0x00000000000007f1       0x2a /opt/devkitpro/devkitARM/arm-none-eabi/lib/be/libg.a(lib_a-findfp.o)
 .ARM.attributes
                0x000000000000081b       0x2a /opt/devkitpro/devkitARM/arm-none-eabi/lib/be/libg.a(lib_a-fvwrite.o)
 .ARM.attributes
                0x0000000000000845       0x2a /opt/devkitpro/devkitARM/arm-none-eabi/lib/be/libg.a(lib_a-fwalk.o)
 .ARM.attributes
                0x000000000000086f       0x2a /opt/devkitpro/devkitARM/arm-none-eabi/lib/be/libg.a(lib_a-impure.o)
 .ARM.attributes
                0x0000000000000899       0x2a /opt/devkitpro/devkitARM/arm-none-eabi/lib/be/libg.a(lib_a-makebuf.o)
 .ARM.attributes
                0x00000000000008c3       0x2a /opt/devkitpro/devkitARM/arm-none-eabi/lib/be/libg.a(lib_a-signal.o)
 .ARM.attributes
                0x00000000000008ed       0x2a /opt/devkitpro/devkitARM/arm-none-eabi/lib/be/libg.a(lib_a-stdio.o)
 .ARM.attributes
                0x0000000000000917       0x2a /opt/devkitpro/devkitARM/arm-none-eabi/lib/be/libg.a(lib_a-fclose.o)
 .ARM.attributes
                0x0000000000000941       0x2a /opt/devkitpro/devkitARM/arm-none-eabi/lib/be/libsysbase.a(fstat.o)
 .ARM.attributes
                0x000000000000096b       0x2a /opt/devkitpro/devkitARM/arm-none-eabi/lib/be/libsysbase.a(getpid.o)
 .ARM.attributes
                0x0000000000000995       0x2a /opt/devkitpro/devkitARM/arm-none-eabi/lib/be/libsysbase.a(isatty.o)
 .ARM.attributes
                0x00000000000009bf       0x2a /opt/devkitpro/devkitARM/arm-none-eabi/lib/be/libsysbase.a(kill.o)
 .ARM.attributes
                0x00000000000009e9       0x2a /opt/devkitpro/devkitARM/arm-none-eabi/lib/be/libsysbase.a(lseek.o)
 .ARM.attributes
                0x0000000000000a13       0x2a /opt/devkitpro/devkitARM/arm-none-eabi/lib/be/libsysbase.a(read.o)
 .ARM.attributes
                0x0000000000000a3d       0x2a /opt/devkitpro/devkitARM/arm-none-eabi/lib/be/libsysbase.a(sbrk.o)
 .ARM.attributes
                0x0000000000000a67       0x2a /opt/devkitpro/devkitARM/arm-none-eabi/lib/be/libsysbase.a(write.o)
 .ARM.attributes
                0x0000000000000a91       0x2a /opt/devkitpro/devkitARM/arm-none-eabi/lib/be/libsysbase.a(_exit.o)
 .ARM.attributes
                0x0000000000000abb       0x2a /opt/devkitpro/devkitARM/arm-none-eabi/lib/be/libsysbase.a(malloc_vars.o)
 .ARM.attributes
                0x0000000000000ae5       0x2a /opt/devkitpro/devkitARM/arm-none-eabi/lib/be/libsysbase.a(flock.o)
 .ARM.attributes
                0x0000000000000b0f       0x2a /opt/devkitpro/devkitARM/arm-none-eabi/lib/be/libsysbase.a(handle_manager.o)
 .ARM.attributes
                0x0000000000000b39       0x2a /opt/devkitpro/devkitARM/arm-none-eabi/lib/be/libsysbase.a(getreent.o)
 .ARM.attributes
                0x0000000000000b63       0x2a /opt/devkitpro/devkitARM/arm-none-eabi/lib/be/libsysbase.a(syscall_support.o)
 .ARM.attributes
                0x0000000000000b8d       0x2a /opt/devkitpro/devkitARM/arm-none-eabi/lib/be/libsysbase.a(iosupport.o)
 .ARM.attributes
                0x0000000000000bb7       0x1c /opt/devkitpro/devkitARM/lib/gcc/arm-none-eabi/12.2.0/be/libgcc.a(_udivsi3.o)
 .ARM.attributes
                0x0000000000000bd3       0x1c /opt/devkitpro/devkitARM/lib/gcc/arm-none-eabi/12.2.0/be/libgcc.a(_divsi3.o)
 .ARM.attributes
                0x0000000000000bef       0x1c /opt/devkitpro/devkitARM/lib/gcc/arm-none-eabi/12.2.0/be/libgcc.a(_dvmd_tls.o)
 .ARM.attributes
                0x0000000000000c0b       0x1c /opt/devkitpro/devkitARM/lib/gcc/arm-none-eabi/12.2.0/be/libgcc.a(_arm_addsubdf3.o)
 .ARM.attributes
                0x0000000000000c27       0x1c /opt/devkitpro/devkitARM/lib/gcc/arm-none-eabi/12.2.0/be/libgcc.a(_arm_muldivdf3.o)
 .ARM.attributes
                0x0000000000000c43       0x1c /opt/devkitpro/devkitARM/lib/gcc/arm-none-eabi/12.2.0/be/libgcc.a(_arm_cmpdf2.o)
 .ARM.attributes
                0x0000000000000c5f       0x1c /opt/devkitpro/devkitARM/lib/gcc/arm-none-eabi/12.2.0/be/libgcc.a(_arm_unorddf2.o)
 .ARM.attributes
                0x0000000000000c7b       0x1c /opt/devkitpro/devkitARM/lib/gcc/arm-none-eabi/12.2.0/be/libgcc.a(_arm_fixdfsi.o)
 .ARM.attributes
                0x0000000000000c97       0x1c /opt/devkitpro/devkitARM/lib/gcc/arm-none-eabi/12.2.0/be/libgcc.a(_aeabi_uldivmod.o)
 .ARM.attributes
                0x0000000000000cb3       0x2a /opt/devkitpro/devkitARM/lib/gcc/arm-none-eabi/12.2.0/be/libgcc.a(_udivmoddi4.o)
 .ARM.attributes
                0x0000000000000cdd       0x1c /opt/devkitpro/devkitARM/lib/gcc/arm-none-eabi/12.2.0/be/libgcc.a(_clzdi2.o)
 .ARM.attributes
                0x0000000000000cf9       0x1c /opt/devkitpro/devkitARM/lib/gcc/arm-none-eabi/12.2.0/be/libgcc.a(_clzsi2.o)
 .ARM.attributes
                0x0000000000000d15       0x2a /opt/devkitpro/devkitARM/arm-none-eabi/lib/be/libg.a(lib_a-malloc.o)
